[{:date=>"2016/01/17"@0, :events=>[{:event=>{:submitted=>"*"@13, :task=>"164037"@15, :begin=>{:time=>"09:00"@23}, :end=>{:time=>"17:00"@30}, :comment=>"PTO"@39}}]}, {:date=>"2016/01/18"@44, :events=>[{:event=>{:submitted=>"*"@57, :task=>"174360"@59, :begin=>{:time=>"09:30"@67}, :end=>{:time=>"11:30"@74}, :comment=>"estimate tasks"@83}}, {:event=>{:submitted=>"*"@100, :task=>"205897"@102, :begin=>{:time=>"11:30"@110}, :end=>{:time=>"12:42"@117}, :comment=>"catch up on changes"@126}}, {:event=>{:submitted=>"*"@148, :task=>"204512"@150, :begin=>{:time=>"12:42"@158}, :end=>{:time=>"13:00"@165}, :comment=>"review !222"@174}}, {:event=>{:submitted=>"*"@188, :task=>"204512"@190, :begin=>{:time=>"14:12"@198}, :end=>{:time=>"15:48"@205}, :comment=>"review !222"@214}}, {:event=>{:submitted=>"*"@228, :task=>"205897"@230, :begin=>{:time=>"15:48"@238}, :end=>{:time=>"17:30"@245}, :comment=>"review !227"@254}}]}, {:date=>"2016/01/19"@267, :events=>[{:event=>{:task=>"174360"@280, :begin=>{:time=>"09:30"@288}, :end=>{:time=>"11:00"@295}, :comment=>"estimate tasks"@304}}, {:event=>{:task=>"205897"@321, :begin=>{:time=>"11:30"@329}, :end=>{:time=>"16:00"@336}, :comment=>"design meeting"@345}}, {:event=>{:task=>"174360"@362, :begin=>{:time=>"16:00"@370}, :end=>{:time=>"16:30"@377}, :comment=>"retrospective"@386}}, {:event=>{:task=>"205897"@402, :begin=>{:time=>"16:30"@410}, :comment=>"plan next tasks"@421}}]}]